I'm sorry, but errors were detected in your script. Please correct the
errors listed below, and try again.


File "game/script.rpy", line 24: expected statement.
    zoom image_fit("c.png",{400,1000})
                  ^

Ren'Py Version: Ren'Py 7.3.5.606
Sat Apr 25 18:43:48 2020
